// Jest Snapshot v1, https://goo.gl/fbAQLP

exports[`<Search /> renders and matches snapshot 1`] = `
<DocumentFragment>
  <div
    class="search"
  >
    <form
      class="search-form"
    >
      <input
        class="search-input"
        data-testid="search-input"
        placeholder="Search for images"
        type="text"
      />
      <button
        class="search-btn"
        data-testid="search-btn"
        type="submit"
      >
        Go!
      </button>
    </form>
  </div>
</DocumentFragment>
`;
